---
source: crates/phosphor/tests/screen_6b.rs
expression: frame.to_text(&buf)
---
screen 6b-80 · phosphor-dark · 80x24 cells
  `6b` draws `⇒ #ok · …` for all four lines. Three cannot answer that at
    S2 and the fourth is a shape gap; the per-line table in
    phosphor-steel/tests/screen_6b.rs says which is which.
  `unseen-regions` is registered and refuses, naming T041 — there is no
    store to query (S5).
  `region-author`, `goto` and `claude` are unbound. They are editor-layer
    names over records T041 returns; writing them now would invent the
    record shape (T033, T041).
  `watch-place` resolves as an alias and then fails on shape: the row's
    anchor is a Target and the mockup passes a string (T077).
  The λ prompt is drawn steel `#9ec98c`, not claude green. Design Language
    line 53 draws `λ ◆` in steel captioned "steel prompt"; 6b draws it in
    claude green. Teej ruled for the lexicon — the mockup is the bug.
  The footer promises `q close`, as drawn. `q` types and `esc` closes;
    making the hint true needs modes (T026).

text
     0         1         2         3         4         5         6         7
     01234567890123456789012345678901234567890123456789012345678901234567890123456789
  0 │◆ steel · :repl                                                                 │
  1 │λ (unseen-regions "src/retry.rs")                                               │
  2 │⇒ #refused · Error: Generic: not built yet — T041 builds it                     │
  3 │                                                                                │
  4 │λ (map region-author (block-regions "retry logic"))                             │
  5 │⇒ #refused · Error: FreeIdentifier: Cannot reference an identifier before its de│
  6 │                                                                                │
  7 │λ (keymap-set! "]r" (lambda () (goto (next-region-by claude))))                 │
  8 │⇒ #refused · Error: FreeIdentifier: Cannot reference an identifier before its de│
  9 │                                                                                │
 10 │λ (watch-place "src/retry.rs:24" 'delay)                                        │
 11 │⇒ #refused · Error: TypeMismatch: `place-watch`: argument `anchor`: expected a t│
 12 │λ                                                                               │
 13 │                                                                                │
 14 │                                                                                │
 15 │                                                                                │
 16 │                                                                                │
 17 │                                                                                │
 18 │                                                                                │
 19 │                                                                                │
 20 │                                                                                │
 21 │                                                                                │
 22 │                                                                                │
 23 │ REPL  steel                                C-c buffer · tab complete · q close │

fg
     0         1         2         3         4         5         6         7
     01234567890123456789012345678901234567890123456789012345678901234567890123456789
  0 │hhhhhhhhjjjjjjj.................................................................│
  1 │ffhhhhhhhhhhhhhhhhhhhhhhhhhhhhhhh...............................................│
  2 │iiiiiiiiiijjjjjjjjjjjjjjjjjjjjjjjjjjjjjjjjjjjjjjjjjjjjjjjjj.....................│
  3 │................................................................................│
  4 │ffhhhhhhhhhhhhhhhhhhhhhhhhhhhhhhhhhhhhhhhhhhhhhhhhh.............................│
  5 │iiiiiiiiiijjjjjjjjjjjjjjjjjjjjjjjjjjjjjjjjjjjjjjjjjjjjjjjjjjjjjjjjjjjjjjjjjjjjjj│
  6 │................................................................................│
  7 │ffhhhhhhhhhhhhhhhhhhhhhhhhhhhhhhhhhhhhhhhhhhhhhhhhhhhhhhhhhhhhh.................│
  8 │iiiiiiiiiijjjjjjjjjjjjjjjjjjjjjjjjjjjjjjjjjjjjjjjjjjjjjjjjjjjjjjjjjjjjjjjjjjjjjj│
  9 │................................................................................│
 10 │ffhhhhhhhhhhhhhhhhhhhhhhhhhhhhhhhhhhhhhh........................................│
 11 │iiiiiiiiiijjjjjjjjjjjjjjjjjjjjjjjjjjjjjjjjjjjjjjjjjjjjjjjjjjjjjjjjjjjjjjjjjjjjjj│
 12 │ffh.............................................................................│
 13 │................................................................................│
 14 │................................................................................│
 15 │................................................................................│
 16 │................................................................................│
 17 │................................................................................│
 18 │................................................................................│
 19 │................................................................................│
 20 │................................................................................│
 21 │................................................................................│
 22 │................................................................................│
 23 │gggggg.hhhhh................................jjjjjjjjjjjjjjjjjjjjjjjjjjjjjjjjjjj.│

bg
     0         1         2         3         4         5         6         7
     01234567890123456789012345678901234567890123456789012345678901234567890123456789
  0 │................................................................................│
  1 │................................................................................│
  2 │................................................................................│
  3 │................................................................................│
  4 │................................................................................│
  5 │................................................................................│
  6 │................................................................................│
  7 │................................................................................│
  8 │................................................................................│
  9 │................................................................................│
 10 │................................................................................│
 11 │................................................................................│
 12 │................................................................................│
 13 │................................................................................│
 14 │................................................................................│
 15 │................................................................................│
 16 │................................................................................│
 17 │................................................................................│
 18 │................................................................................│
 19 │................................................................................│
 20 │................................................................................│
 21 │................................................................................│
 22 │................................................................................│
 23 │ffffff..........................................................................│

style
     0         1         2         3         4         5         6         7
     01234567890123456789012345678901234567890123456789012345678901234567890123456789
  0 │................................................................................│
  1 │................................................................................│
  2 │................................................................................│
  3 │................................................................................│
  4 │................................................................................│
  5 │................................................................................│
  6 │................................................................................│
  7 │................................................................................│
  8 │................................................................................│
  9 │................................................................................│
 10 │................................................................................│
 11 │................................................................................│
 12 │..r.............................................................................│
 13 │................................................................................│
 14 │................................................................................│
 15 │................................................................................│
 16 │................................................................................│
 17 │................................................................................│
 18 │................................................................................│
 19 │................................................................................│
 20 │................................................................................│
 21 │................................................................................│
 22 │................................................................................│
 23 │................................................................................│

legend
  f  #9ec98c  actors.steel = syntax.function
  g  #0c0f0c  neutrals.ground = chrome.mode_chip_fg = chrome.tab_bar
  h  #c6cec6  neutrals.text = syntax.text
  i  #9aa39a  neutrals.prose
  j  #59635a  neutrals.meta = syntax.comment

style
  ~  undercurl — SGR 4:3 wrapped around the glyph, plus Modifier::UNDERLINED
  _  Modifier::UNDERLINED alone (the degraded path)
